2026-01-06 20:11:31,873 : INFO : root : Loading config.
2026-01-06 20:11:31,880 : INFO : YamlMultifileConfigLoader : Machine config file #1: config.yaml
2026-01-06 20:11:31,881 : INFO : ConfigProcessor : Loading config from file C:\Users\pliso\mpf\Lib\site-packages\mpf\mpfconfig.yaml.
2026-01-06 20:11:31,897 : INFO : ConfigProcessor : Loading config: C:\Users\pliso\mpf\Lib\site-packages\mpf\mpfconfig.yaml
2026-01-06 20:11:31,897 : INFO : ConfigProcessor : Loading config from file C:\Users\pliso\Documents\Pinball_1\config\config.yaml.
2026-01-06 20:11:31,914 : INFO : ConfigProcessor : Loading config: C:\Users\pliso\Documents\Pinball_1\config\config.yaml
2026-01-06 20:11:31,918 : INFO : ConfigProcessor : Config file cache created: C:\Users\pliso\AppData\Local\Temp\cd12664f933b20352c99c19dfbc957e8.mpf_cache
2026-01-06 20:11:32,060 : INFO : ConfigProcessor : Loading config from file C:\Users\pliso\mpf\Lib\site-packages\mpf\modes\attract\config\attract.yaml.
2026-01-06 20:11:32,061 : INFO : ConfigProcessor : Loading config: C:\Users\pliso\mpf\Lib\site-packages\mpf\modes\attract\config\attract.yaml
2026-01-06 20:11:32,061 : INFO : ConfigProcessor : Loading config from file C:\Users\pliso\Documents\Pinball_1\modes\attract\config\attract.yaml.
2026-01-06 20:11:32,063 : INFO : ConfigProcessor : Loading config: C:\Users\pliso\Documents\Pinball_1\modes\attract\config\attract.yaml
2026-01-06 20:11:32,064 : INFO : ConfigProcessor : Config file cache created: C:\Users\pliso\AppData\Local\Temp\dce3f6b5f2e3df4da8588b0605eda8d3.mpf_cache
2026-01-06 20:11:32,065 : INFO : ConfigProcessor : Loading config from cache: C:\Users\pliso\AppData\Local\Temp\8233040a80984f83b3d7894a8635e8dd.mpf_cache
2026-01-06 20:11:32,065 : INFO : ConfigProcessor : Loading config from cache: C:\Users\pliso\AppData\Local\Temp\dce3f6b5f2e3df4da8588b0605eda8d3.mpf_cache
2026-01-06 20:11:32,068 : INFO : ConfigProcessor : Loading config from file C:\Users\pliso\Documents\Pinball_1\modes\base\config\base.yaml.
2026-01-06 20:11:32,081 : INFO : ConfigProcessor : Loading config: C:\Users\pliso\Documents\Pinball_1\modes\base\config\base.yaml
2026-01-06 20:11:32,082 : INFO : ConfigProcessor : Config file cache created: C:\Users\pliso\AppData\Local\Temp\277ae7cf1cf67f79498472af77e074aa.mpf_cache
2026-01-06 20:11:32,083 : INFO : Machine : Mission Pinball Framework Core Engine v0.80.0.dev11
2026-01-06 20:11:32,083 : INFO : Machine : Command line arguments: {'no_load_cache': False, 'create_config_cache': True, 'bcp': False, 'configfile': ['config.yaml'], 'force_assets_load': False, 'platform_integration_test': False, 'jsonlogging': False, 'logfile': 'logs\\2026-01-06-20-11-31-mpf-DESKTOP-0NBK5M1.log', 'pause': False, 'production': False, 'text_ui': False, 'loglevel': 15, 'consoleloglevel': 20, 'force_platform': 'virtual', 'syslog_address': None, 'full_logfile_path': 'C:\\Users\\pliso\\Documents\\Pinball_1\\logs\\2026-01-06-20-11-31-mpf-DESKTOP-0NBK5M1.log'}
2026-01-06 20:11:32,083 : INFO : Machine : MPF path: C:\Users\pliso\mpf\Lib\site-packages\mpf
2026-01-06 20:11:32,083 : INFO : Machine : Machine path: C:\Users\pliso\Documents\Pinball_1
2026-01-06 20:11:32,083 : INFO : Machine : Platform: win32
2026-01-06 20:11:32,083 : INFO : Machine : Python executable location: C:\Users\pliso\mpf\Scripts\python.exe
2026-01-06 20:11:32,083 : INFO : Machine : Python version: 3.12.7 (64-bit)
2026-01-06 20:11:32,087 : INFO : Machine : Initializing MPF...
2026-01-06 20:11:32,200 : INFO : EventManager : Event: ======'machine_var_credits_string'====== Args={'value': 'FREE PLAY', 'prev_value': None, 'change': True}
2026-01-06 20:11:32,236 : INFO : EventManager : Event: ======'machine_var_master_volume'====== Args={'value': 0.5, 'prev_value': None, 'change': True}
2026-01-06 20:11:32,236 : INFO : EventManager : Event: ======'machine_var_mpf_version'====== Args={'value': 'Mission Pinball Framework v0.80.0.dev11', 'prev_value': None, 'change': True}
2026-01-06 20:11:32,236 : INFO : EventManager : Event: ======'machine_var_mpf_extended_version'====== Args={'value': 'Mission Pinball Framework v0.80.0.dev11, Config version:6, Show version: 6, BCP version:1.1', 'prev_value': None, 'change': True}
2026-01-06 20:11:32,236 : INFO : EventManager : Event: ======'machine_var_python_version'====== Args={'value': '3.12.7', 'prev_value': None, 'change': True}
2026-01-06 20:11:32,390 : INFO : EventManager : Event: ======'machine_var_platform'====== Args={'value': 'Windows-11-10.0.26100-SP0', 'prev_value': None, 'change': True}
2026-01-06 20:11:32,390 : INFO : EventManager : Event: ======'machine_var_platform_system'====== Args={'value': 'Windows', 'prev_value': None, 'change': True}
2026-01-06 20:11:32,390 : INFO : EventManager : Event: ======'machine_var_platform_release'====== Args={'value': '11', 'prev_value': None, 'change': True}
2026-01-06 20:11:32,390 : INFO : EventManager : Event: ======'machine_var_platform_version'====== Args={'value': '10.0.26100', 'prev_value': None, 'change': True}
2026-01-06 20:11:32,390 : INFO : EventManager : Event: ======'machine_var_platform_machine'====== Args={'value': 'AMD64', 'prev_value': None, 'change': True}
2026-01-06 20:11:32,390 : INFO : EventManager : Event: ======'machine_var_log_file_path'====== Args={'value': 'C:\\Users\\pliso\\Documents\\Pinball_1\\logs\\2026-01-06-20-11-31-mpf-DESKTOP-0NBK5M1.log', 'prev_value': None, 'change': True}
2026-01-06 20:11:32,390 : INFO : EventManager : Event: ======'init_phase_1'====== Args={}
2026-01-06 20:11:32,407 : INFO : EventManager : Event: ======'init_phase_2'====== Args={}
2026-01-06 20:11:32,417 : INFO : EventManager : Event: ======'init_phase_3'====== Args={}
2026-01-06 20:11:32,419 : INFO : EventManager : Event: ======'init_phase_4'====== Args={}
2026-01-06 20:11:32,421 : INFO : EventManager : Event: ======'machine_var_audits_events_game_started'====== Args={'value': 0, 'prev_value': None, 'change': True}
2026-01-06 20:11:32,421 : INFO : EventManager : Event: ======'machine_var_audits_events_game_ended'====== Args={'value': 0, 'prev_value': None, 'change': True}
2026-01-06 20:11:32,421 : INFO : EventManager : Event: ======'machine_var_audits_player_score'====== Args={'value': {'top': [], 'average': 0, 'total': 0}, 'prev_value': None, 'change': True}
2026-01-06 20:11:32,421 : INFO : EventManager : Event: ======'init_phase_5'====== Args={}
2026-01-06 20:11:32,421 : INFO : EventManager : Event: ======'init_done'====== Args={}
2026-01-06 20:11:32,421 : INFO : EventManager : Event: ======'machine_reset_phase_1'====== Args={}
2026-01-06 20:11:32,422 : INFO : EventManager : Event: ======'machine_reset_phase_2'====== Args={}
2026-01-06 20:11:32,422 : INFO : EventManager : Event: ======'machine_reset_phase_3'====== Args={}
2026-01-06 20:11:32,422 : INFO : EventManager : Event: ======'reset_complete'====== Args={}
2026-01-06 20:11:32,422 : INFO : EventManager : Event: ======'mode_attract_will_start'====== Args={}
2026-01-06 20:11:32,422 : INFO : EventManager : Event: ======'mode_attract_starting'====== Args={}
2026-01-06 20:11:32,422 : INFO : Mode.attract : Started. Priority: 10
2026-01-06 20:11:32,422 : INFO : EventManager : Event: ======'modes_active_modes_changed'====== Args={}
2026-01-06 20:11:32,422 : INFO : EventManager : Event: ======'mode_attract_started'====== Args={}
2026-01-06 20:11:32,422 : INFO : EventManager : Event: ======'collecting_balls_complete'====== Args={}
2026-01-06 20:11:32,424 : INFO : Machine : Starting the main run loop with active modes: [<Mode.attract>]
